Microchip MPLAB XC8 Compiler V1.38 ()

Linker command line:

--edf=C:\Program Files (x86)\Microchip\xc8\v1.38\dat\en_msgs.txt -cs \
  -h+dist/default/production\Antea25.production.sym \
  --cmf=dist/default/production\Antea25.production.cmf -z -Q16F1709 \
  -oC:\Users\sdubos\AppData\Local\Temp\2\s664.2 \
  -Mdist/default/production/Antea25.production.map -E1 -ver=XC8 \
  -ASTACK=02133h-023efh -pstack=STACK -ACODE=00h-07FFhx4 \
  -ASTRCODE=00h-01FFFh -ASTRING=00h-0FFhx32 -ACONST=00h-0FFhx32 \
  -AENTRY=00h-0FFhx32 -ACOMMON=070h-07Fh -ABANK0=020h-06Fh \
  -ABANK1=0A0h-0EFh -ABANK2=0120h-016Fh -ABANK3=01A0h-01EFh \
  -ABANK4=0220h-026Fh -ABANK5=02A0h-02EFh -ABANK6=0320h-036Fh \
  -ABANK7=03A0h-03EFh -ABANK8=0420h-046Fh -ABANK9=04A0h-04EFh \
  -ABANK10=0520h-056Fh -ABANK11=05A0h-05EFh -ABANK12=0620h-064Fh \
  -ABIGRAM=02000h-023EFh \
  -ARAM=020h-06Fh,0A0h-0EFh,0120h-016Fh,01A0h-01EFh,0220h-026Fh,02A0h-02EFh,0320h-036Fh,03A0h-03EFh,0420h-046Fh,04A0h-04EFh,0520h-056Fh,05A0h-05EFh,0620h-064Fh \
  -AABS1=020h-07Fh,0A0h-0EFh,0120h-016Fh,01A0h-01EFh,0220h-026Fh,02A0h-02EFh,0320h-036Fh,03A0h-03EFh,0420h-046Fh,04A0h-04EFh,0520h-056Fh,05A0h-05EFh,0620h-064Fh \
  -ASFR0=00h-01Fh -ASFR1=080h-09Fh -ASFR2=0100h-011Fh -ASFR3=0180h-019Fh \
  -ASFR4=0200h-021Fh -ASFR5=0280h-029Fh -ASFR6=0300h-031Fh \
  -ASFR7=0380h-039Fh -ASFR8=0400h-041Fh -ASFR9=0480h-049Fh \
  -ASFR10=0500h-051Fh -ASFR11=0580h-059Fh -ASFR12=0600h-061Fh \
  -ASFR13=0680h-06EFh -ASFR14=0700h-076Fh -ASFR15=0780h-07EFh \
  -ASFR16=0800h-086Fh -ASFR17=0880h-08EFh -ASFR18=0900h-096Fh \
  -ASFR19=0980h-09EFh -ASFR20=0A00h-0A6Fh -ASFR21=0A80h-0AEFh \
  -ASFR22=0B00h-0B6Fh -ASFR23=0B80h-0BEFh -ASFR24=0C00h-0C6Fh \
  -ASFR25=0C80h-0CEFh -ASFR26=0D00h-0D6Fh -ASFR27=0D80h-0DEFh \
  -ASFR28=0E00h-0E6Fh -ASFR29=0E80h-0EEFh -ASFR30=0F00h-0F6Fh \
  -ASFR31=0F80h-0FEFh -preset_vec=00h,intentry,init,end_init -ppowerup=CODE \
  -pcinit=CODE -pfunctab=CODE -ACONFIG=08007h-08008h -pconfig=CONFIG \
  -DCONFIG=2 -AIDLOC=08000h-08003h -pidloc=IDLOC -DIDLOC=2 -DCODE=2 \
  -DSTRCODE=2 -DSTRING=2 -DCONST=2 -DENTRY=2 -k \
  C:\Users\sdubos\AppData\Local\Temp\2\s664.obj \
  dist/default/production\Antea25.production.obj 

Object code version is 3.11

Machine type is 16F1709



                Name                               Link     Load   Length Selector   Space Scale
C:\Users\sdubos\AppData\Local\Temp\2\s664.obj
                end_init                              2        2        2        0       0
                reset_vec                             0        0        2        0       0
                config                             8007     8007        2    1000E       0
dist/default/production\Antea25.production.obj
                cinit                               7D7      7D7       29      FAE       0
                text81                             1CF8     1CF8        9     39F0       0
                text80                             1F6A     1F6A       24     3ED4       0
                text79                             1EA8     1EA8       1E     3D50       0
                text78                             13CC     13CC       5F     2798       0
                text77                             1CF0     1CF0        8     39E0       0
                text76                             1E20     1E20       1A     3C40       0
                text75                             1CDB     1CDB        7     39B6       0
                text74                             1D01     1D01        A     3A02       0
                text73                             10EC     10EC       2C     21D8       0
                text72                             1D0B     1D0B        A     3A16       0
                text71                             1E54     1E54       1B     3CA8       0
                text70                              F5C      F5C       A4     1EB8       0
                text69                             1FD9     1FD9       27     3FB2       0
                text68                             1329     1329       51     2652       0
                text67                             104B     104B       28     2096       0
                text66                             11D5     11D5       33     23AA       0
                text65                             1FB3     1FB3       26     3F66       0
                text64                             11A4     11A4       31     2348       0
                text63                             1F8E     1F8E       25     3F1C       0
                text62                             1D20     1D20        C     3A40       0
                text61                             12E4     12E4       45     25C8       0
                text60                             1D45     1D45        E     3A8A       0
                text59                             148F     148F       6C     291E       0
                text58                             1E07     1E07       19     3C0E       0
                text57                             1144     1144       30     2288       0
                text56                             1174     1174       30     22E8       0
                text55                             137A     137A       52     26F4       0
                text54                              2D7      2D7       DA      5AE       0
                text53                             1CE2     1CE2        7     39C4       0
                text52                             1CC5     1CC5        4     398A       0
                text51                             1CC9     1CC9        4     3992       0
                text50                             1F47     1F47       23     3E8E       0
                text49                             1CCD     1CCD        4     399A       0
                text48                             1CD5     1CD5        6     39AA       0
                text47                             1D7F     1D7F       11     3AFE       0
                text46                             1073     1073       28     20E6       0
                text45                             1DD9     1DD9       17     3BB2       0
                text44                             15E8     15E8       7B     2BD0       0
                text43                             12A6     12A6       3E     254C       0
                text42                             1DC4     1DC4       15     3B88       0
                text41                             1D53     1D53        E     3AA6       0
                text40                             1D61     1D61        F     3AC2       0
                text39                             1D38     1D38        D     3A70       0
                text38                              4B2      4B2      136      964       0
                text37                             142B     142B       64     2856       0
                text36                             1DF0     1DF0       17     3BE0       0
                text35                             1270     1270       36     24E0       0
                text34                             1D90     1D90       11     3B20       0
                text33                             1208     1208       34     2410       0
                text32                             1118     1118       2C     2230       0
                text31                              5E8      5E8      1EF      BD0       0
                text30                             1024     1024       27     2048       0
                text29                             1766     1766       9A     2ECC       0
                text28                             109B     109B       28     2136       0
                text27                             1EC6     1EC6       1E     3D8C       0
                text26                               95       95       AA      12A       0
                text25                             1000     1000       24     1EB8       0
                text24                             1F03     1F03       22     3E06       0
                text23                             1EE4     1EE4       1F     3DC8       0
                text22                             1E3A     1E3A       1A     3C74       0
                text21                             123C     123C       34     2478       0
                text20                              13F      13F       BF      27E       0
                text19                             14FB     14FB       75     29F6       0
                text18                             1D70     1D70        F     3AE0       0
                text17                                4        4        8        0       0
                text16                             1E8B     1E8B       1D     3D16       0
                text15                             16DE     16DE       88     2DBC       0
                text14                             1E6F     1E6F       1C     3CDE       0
                text13                             1CD1     1CD1        4     39A2       0
                text12                             10C3     10C3       29     2186       0
                text11                              F14      F14       48     1E28       0
                text10                             1F25     1F25       22     3E4A       0
                text9                               1FE      1FE       D9      3FC       0
                text8                              1DA1     1DA1       11     3B42       0
                text7                              1D2C     1D2C        C     3A58       0
                text6                              1570     1570       78     2AE0       0
                text5                                 C        C       89       18       0
                text4                              1CE9     1CE9        7     39D2       0
                text3                              1663     1663       7B     2CC6       0
                text2                              1DB2     1DB2       12     3B64       0
                text1                              1D15     1D15        B     3A2A       0
                maintext                            3B1      3B1      101      762       0
                cstackBANK0                          20       20       3E       20       1
                cstackCOMMON                         70       70        E       70       1
                cstackBANK1                          A0       A0       48       A0       1
                cstackBANK2                         145      145        2      120       1
                clrtext                             F0E      F0E        6     1E1C       0
                bssBANK3                            1A0      1A0       43      1A0       1
                bssBANK2                            120      120       25      120       1
                dataBANK1                            EE       EE        2       A0       1
                bssBANK1                             E8       E8        6       A0       1
                bssBANK0                             5E       5E       12       20       1
                stringtext                          800      800      70E     1000       0
                idataBANK1                         1CC3     1CC3        2     3986       0

TOTAL           Name                               Link     Load   Length     Space
        CLASS   STACK          

        CLASS   CODE           
                end_init                              2        2        2         0
                cinit                               7D7      7D7       29         0
                reset_vec                             0        0        2         0
                text81                             1CF8     1CF8        9         0
                text80                             1F6A     1F6A       24         0
                text79                             1EA8     1EA8       1E         0
                text78                             13CC     13CC       5F         0
                text77                             1CF0     1CF0        8         0
                text76                             1E20     1E20       1A         0
                text75                             1CDB     1CDB        7         0
                text74                             1D01     1D01        A         0
                text73                             10EC     10EC       2C         0
                text72                             1D0B     1D0B        A         0
                text71                             1E54     1E54       1B         0
                text70                              F5C      F5C       A4         0
                text69                             1FD9     1FD9       27         0
                text68                             1329     1329       51         0
                text67                             104B     104B       28         0
                text66                             11D5     11D5       33         0
                text65                             1FB3     1FB3       26         0
                text64                             11A4     11A4       31         0
                text63                             1F8E     1F8E       25         0
                text62                             1D20     1D20        C         0
                text61                             12E4     12E4       45         0
                text60                             1D45     1D45        E         0
                text59                             148F     148F       6C         0
                text58                             1E07     1E07       19         0
                text57                             1144     1144       30         0
                text56                             1174     1174       30         0
                text55                             137A     137A       52         0
                text54                              2D7      2D7       DA         0
                text53                             1CE2     1CE2        7         0
                text52                             1CC5     1CC5        4         0
                text51                             1CC9     1CC9        4         0
                text50                             1F47     1F47       23         0
                text49                             1CCD     1CCD        4         0
                text48                             1CD5     1CD5        6         0
                text47                             1D7F     1D7F       11         0
                text46                             1073     1073       28         0
                text45                             1DD9     1DD9       17         0
                text44                             15E8     15E8       7B         0
                text43                             12A6     12A6       3E         0
                text42                             1DC4     1DC4       15         0
                text41                             1D53     1D53        E         0
                text40                             1D61     1D61        F         0
                text39                             1D38     1D38        D         0
                text38                              4B2      4B2      136         0
                text37                             142B     142B       64         0
                text36                             1DF0     1DF0       17         0
                text35                             1270     1270       36         0
                text34                             1D90     1D90       11         0
                text33                             1208     1208       34         0
                text32                             1118     1118       2C         0
                text31                              5E8      5E8      1EF         0
                text30                             1024     1024       27         0
                text29                             1766     1766       9A         0
                text28                             109B     109B       28         0
                text27                             1EC6     1EC6       1E         0
                text26                               95       95       AA         0
                text25                             1000     1000       24         0
                text24                             1F03     1F03       22         0
                text23                             1EE4     1EE4       1F         0
                text22                             1E3A     1E3A       1A         0
                text21                             123C     123C       34         0
                text20                              13F      13F       BF         0
                text19                             14FB     14FB       75         0
                text18                             1D70     1D70        F         0
                text17                                4        4        8         0
                text16                             1E8B     1E8B       1D         0
                text15                             16DE     16DE       88         0
                text14                             1E6F     1E6F       1C         0
                text13                             1CD1     1CD1        4         0
                text12                             10C3     10C3       29         0
                text11                              F14      F14       48         0
                text10                             1F25     1F25       22         0
                text9                               1FE      1FE       D9         0
                text8                              1DA1     1DA1       11         0
                text7                              1D2C     1D2C        C         0
                text6                              1570     1570       78         0
                text5                                 C        C       89         0
                text4                              1CE9     1CE9        7         0
                text3                              1663     1663       7B         0
                text2                              1DB2     1DB2       12         0
                text1                              1D15     1D15        B         0
                maintext                            3B1      3B1      101         0
                clrtext                             F0E      F0E        6         0
                idataBANK1                         1CC3     1CC3        2         0

        CLASS   STRCODE        
                stringtext                          800      800      70E         0

        CLASS   STRING         

        CLASS   CONST          

        CLASS   ENTRY          

        CLASS   COMMON         
                cstackCOMMON                         70       70        E         1

        CLASS   BANK0          
                cstackBANK0                          20       20       3E         1
                bssBANK0                             5E       5E       12         1

        CLASS   BANK1          
                cstackBANK1                          A0       A0       48         1
                dataBANK1                            EE       EE        2         1
                bssBANK1                             E8       E8        6         1

        CLASS   BANK2          
                cstackBANK2                         145      145        2         1
                bssBANK2                            120      120       25         1

        CLASS   BANK3          
                bssBANK3                            1A0      1A0       43         1

        CLASS   BANK4          

        CLASS   BANK5          

        CLASS   BANK6          

        CLASS   BANK7          

        CLASS   BANK8          

        CLASS   BANK9          

        CLASS   BANK10         

        CLASS   BANK11         

        CLASS   BANK12         

        CLASS   BIGRAM         

        CLASS   RAM            

        CLASS   ABS1           
                abs_s1                               7E       7E        2         1

        CLASS   SFR0           

        CLASS   SFR1           

        CLASS   SFR2           

        CLASS   SFR3           

        CLASS   SFR4           

        CLASS   SFR5           

        CLASS   SFR6           

        CLASS   SFR7           

        CLASS   SFR8           

        CLASS   SFR9           

        CLASS   SFR10          

        CLASS   SFR11          

        CLASS   SFR12          

        CLASS   SFR13          

        CLASS   SFR14          

        CLASS   SFR15          

        CLASS   SFR16          

        CLASS   SFR17          

        CLASS   SFR18          

        CLASS   SFR19          

        CLASS   SFR20          

        CLASS   SFR21          

        CLASS   SFR22          

        CLASS   SFR23          

        CLASS   SFR24          

        CLASS   SFR25          

        CLASS   SFR26          

        CLASS   SFR27          

        CLASS   SFR28          

        CLASS   SFR29          

        CLASS   SFR30          

        CLASS   SFR31          

        CLASS   CONFIG         
                config                             8007     8007        2         0

        CLASS   IDLOC          

        CLASS   BANK31         

        CLASS   BANK30         

        CLASS   BANK29         

        CLASS   BANK28         

        CLASS   BANK27         

        CLASS   BANK26         

        CLASS   BANK25         

        CLASS   BANK24         

        CLASS   BANK23         

        CLASS   BANK22         

        CLASS   BANK21         

        CLASS   BANK20         

        CLASS   BANK19         

        CLASS   BANK18         

        CLASS   BANK17         

        CLASS   BANK16         

        CLASS   BANK15         

        CLASS   BANK14         

        CLASS   BANK13         

        CLASS   EEDATA         



SEGMENTS        Name                           Load    Length   Top    Selector   Space  Class     Delta

                reset_vec                      000000  00000C  00000C         0       0  CODE        2
                text5                          00000C  000089  000095        18       0  CODE        2
                cstackBANK0                    000020  000050  000070        20       1  BANK0       1
                cstackCOMMON                   000070  00000E  00007E        70       1  COMMON      1
                cstackBANK1                    0000A0  000050  0000F0        A0       1  BANK1       1
                bssBANK2                       000120  000027  000147       120       1  BANK2       1
                text26                         000095  0000AA  00013F       12A       0  CODE        2
                bssBANK3                       0001A0  000043  0001E3       1A0       1  BANK3       1
                text20                         00013F  0000BF  0001FE       27E       0  CODE        2
                text9                          0001FE  0000D9  0002D7       3FC       0  CODE        2
                text54                         0002D7  0000DA  0003B1       5AE       0  CODE        2
                maintext                       0003B1  000101  0004B2       762       0  CODE        2
                text38                         0004B2  000136  0005E8       964       0  CODE        2
                text31                         0005E8  0001EF  0007D7       BD0       0  CODE        2
                cinit                          0007D7  000029  000800       FAE       0  CODE        2
                stringtext                     000800  00070E  000F0E      1000       0  STRCODE     2
                clrtext                        000F0E  000006  000F14      1E1C       0  CODE        2
                text11                         000F14  000048  000F5C      1E28       0  CODE        2
                text70                         000F5C  0000C8  001024      1EB8       0  CODE        2
                text30                         001024  000027  00104B      2048       0  CODE        2
                text67                         00104B  000028  001073      2096       0  CODE        2
                text46                         001073  000028  00109B      20E6       0  CODE        2
                text28                         00109B  000028  0010C3      2136       0  CODE        2
                text12                         0010C3  000029  0010EC      2186       0  CODE        2
                text73                         0010EC  00002C  001118      21D8       0  CODE        2
                text32                         001118  00002C  001144      2230       0  CODE        2
                text57                         001144  000030  001174      2288       0  CODE        2
                text56                         001174  000030  0011A4      22E8       0  CODE        2
                text64                         0011A4  000031  0011D5      2348       0  CODE        2
                text66                         0011D5  000033  001208      23AA       0  CODE        2
                text33                         001208  000034  00123C      2410       0  CODE        2
                text21                         00123C  000034  001270      2478       0  CODE        2
                text35                         001270  000036  0012A6      24E0       0  CODE        2
                text43                         0012A6  00003E  0012E4      254C       0  CODE        2
                text61                         0012E4  000045  001329      25C8       0  CODE        2
                text68                         001329  000051  00137A      2652       0  CODE        2
                text55                         00137A  000052  0013CC      26F4       0  CODE        2
                text78                         0013CC  00005F  00142B      2798       0  CODE        2
                text37                         00142B  000064  00148F      2856       0  CODE        2
                text59                         00148F  00006C  0014FB      291E       0  CODE        2
                text19                         0014FB  000075  001570      29F6       0  CODE        2
                text6                          001570  000078  0015E8      2AE0       0  CODE        2
                text44                         0015E8  00007B  001663      2BD0       0  CODE        2
                text3                          001663  00007B  0016DE      2CC6       0  CODE        2
                text15                         0016DE  000088  001766      2DBC       0  CODE        2
                text29                         001766  00009A  001800      2ECC       0  CODE        2
                idataBANK1                     001CC3  000002  001CC5      3986       0  CODE        2
                text52                         001CC5  000004  001CC9      398A       0  CODE        2
                text51                         001CC9  000004  001CCD      3992       0  CODE        2
                text49                         001CCD  000004  001CD1      399A       0  CODE        2
                text13                         001CD1  000004  001CD5      39A2       0  CODE        2
                text48                         001CD5  000006  001CDB      39AA       0  CODE        2
                text75                         001CDB  000007  001CE2      39B6       0  CODE        2
                text53                         001CE2  000007  001CE9      39C4       0  CODE        2
                text4                          001CE9  000007  001CF0      39D2       0  CODE        2
                text77                         001CF0  000008  001CF8      39E0       0  CODE        2
                text81                         001CF8  000009  001D01      39F0       0  CODE        2
                text74                         001D01  00000A  001D0B      3A02       0  CODE        2
                text72                         001D0B  00000A  001D15      3A16       0  CODE        2
                text1                          001D15  00000B  001D20      3A2A       0  CODE        2
                text62                         001D20  00000C  001D2C      3A40       0  CODE        2
                text7                          001D2C  00000C  001D38      3A58       0  CODE        2
                text39                         001D38  00000D  001D45      3A70       0  CODE        2
                text60                         001D45  00000E  001D53      3A8A       0  CODE        2
                text41                         001D53  00000E  001D61      3AA6       0  CODE        2
                text40                         001D61  00000F  001D70      3AC2       0  CODE        2
                text18                         001D70  00000F  001D7F      3AE0       0  CODE        2
                text47                         001D7F  000011  001D90      3AFE       0  CODE        2
                text34                         001D90  000011  001DA1      3B20       0  CODE        2
                text8                          001DA1  000011  001DB2      3B42       0  CODE        2
                text2                          001DB2  000012  001DC4      3B64       0  CODE        2
                text42                         001DC4  000015  001DD9      3B88       0  CODE        2
                text45                         001DD9  000017  001DF0      3BB2       0  CODE        2
                text36                         001DF0  000017  001E07      3BE0       0  CODE        2
                text58                         001E07  000019  001E20      3C0E       0  CODE        2
                text76                         001E20  00001A  001E3A      3C40       0  CODE        2
                text22                         001E3A  00001A  001E54      3C74       0  CODE        2
                text71                         001E54  00001B  001E6F      3CA8       0  CODE        2
                text14                         001E6F  00001C  001E8B      3CDE       0  CODE        2
                text16                         001E8B  00001D  001EA8      3D16       0  CODE        2
                text79                         001EA8  00001E  001EC6      3D50       0  CODE        2
                text27                         001EC6  00001E  001EE4      3D8C       0  CODE        2
                text23                         001EE4  00001F  001F03      3DC8       0  CODE        2
                text24                         001F03  000022  001F25      3E06       0  CODE        2
                text10                         001F25  000022  001F47      3E4A       0  CODE        2
                text50                         001F47  000023  001F6A      3E8E       0  CODE        2
                text80                         001F6A  000024  001F8E      3ED4       0  CODE        2
                text63                         001F8E  000025  001FB3      3F1C       0  CODE        2
                text65                         001FB3  000026  001FD9      3F66       0  CODE        2
                text69                         001FD9  000027  002000      3FB2       0  CODE        2
                config                         008007  000002  008009     1000E       0  CONFIG      2


UNUSED ADDRESS RANGES

        Name                Unused          Largest block    Delta
        BANK10           00520-0056F              50           1
        BANK11           005A0-005EF              50           1
        BANK12           00620-0064F              30           1
        BANK2            00147-0016F              29           1
        BANK3            001E3-001EF               D           1
        BANK4            00220-0026F              50           1
        BANK5            002A0-002EF              50           1
        BANK6            00320-0036F              50           1
        BANK7            003A0-003EF              50           1
        BANK8            00420-0046F              50           1
        BANK9            004A0-004EF              50           1
        BIGRAM           02000-023EF             3F0           1
        CODE             01800-01CC2             4C3           2
        CONST            01800-01CC2             100           2
        ENTRY            01800-01CC2             100           2
        IDLOC            08000-08003               4           2
        RAM              00147-0016F              29           1
                         001E3-001EF               D
                         00220-0026F              50
                         002A0-002EF              50
                         00320-0036F              50
                         003A0-003EF              50
                         00420-0046F              50
                         004A0-004EF              50
                         00520-0056F              50
                         005A0-005EF              50
                         00620-0064F              30
        SFR0             00000-0001F              20           1
        SFR1             00080-0009F              20           1
        SFR10            00500-0051F              20           1
        SFR11            00580-0059F              20           1
        SFR12            00600-0061F              20           1
        SFR13            00680-006EF              70           1
        SFR14            00700-0076F              70           1
        SFR15            00780-007EF              70           1
        SFR16            00800-0086F              70           1
        SFR17            00880-008EF              70           1
        SFR18            00900-0096F              70           1
        SFR19            00980-009EF              70           1
        SFR2             00100-0011F              20           1
        SFR20            00A00-00A6F              70           1
        SFR21            00A80-00AEF              70           1
        SFR22            00B00-00B6F              70           1
        SFR23            00B80-00BEF              70           1
        SFR24            00C00-00C6F              70           1
        SFR25            00C80-00CEF              70           1
        SFR26            00D00-00D6F              70           1
        SFR27            00D80-00DEF              70           1
        SFR28            00E00-00E6F              70           1
        SFR29            00E80-00EEF              70           1
        SFR3             00180-0019F              20           1
        SFR30            00F00-00F6F              70           1
        SFR31            00F80-00FEF              70           1
        SFR4             00200-0021F              20           1
        SFR5             00280-0029F              20           1
        SFR6             00300-0031F              20           1
        SFR7             00380-0039F              20           1
        SFR8             00400-0041F              20           1
        SFR9             00480-0049F              20           1
        STACK            02133-023EF             2BD           1
        STRCODE          01800-01CC2             4C3           2
        STRING           01800-01CC2             100           2

                                  Symbol Table

?_ReadLastSMS                    cstackBANK0  00037
?_ReadPhoneNumber                cstackBANK0  00037
?___awdiv                        cstackCOMMON 00070
?___lwdiv                        cstackCOMMON 00070
?___lwmod                        cstackCOMMON 00078
?___wmul                         cstackCOMMON 00070
?_atoi                           cstackCOMMON 00076
?_sprintf                        cstackBANK0  00020
?_strchr                         cstackCOMMON 00070
?_strcmp                         cstackCOMMON 00070
?_strcspn                        cstackCOMMON 00077
?_strlen                         cstackCOMMON 00070
?_strspn                         cstackCOMMON 00077
?_strtok                         cstackBANK0  00022
ACC_ReadReg@reg                  cstackCOMMON 00074
ACC_ReadReg@val                  cstackCOMMON 00075
ACC_WriteReg@cmd                 cstackCOMMON 00071
ACC_WriteReg@reg                 cstackCOMMON 00075
ADLX_Init@reg                    cstackCOMMON 00077
Bip@i                            cstackCOMMON 00076
Bip@j                            cstackCOMMON 00078
Bip@n                            cstackCOMMON 00070
Bip@t                            cstackCOMMON 00072
CheckBattery@battLoad            cstackBANK0  00057
CheckBattery@battLoadInt         cstackBANK0  00059
CheckBattery@res                 cstackBANK0  00038
CheckNetwork@netSignal           cstackBANK0  0004B
CheckNetwork@netSignalInt        cstackBANK0  0004D
CheckNetwork@res                 cstackBANK0  00037
Left_HorizontalScroll@end_page   cstackCOMMON 00072
Left_HorizontalScroll@set_time   cstackCOMMON 00073
Left_HorizontalScroll@start_page cstackCOMMON 00074
MFRC522_AntiColl@_status         cstackBANK0  00039
MFRC522_AntiColl@i               cstackBANK0  0003A
MFRC522_AntiColl@serNum          cstackBANK0  0003B
MFRC522_AntiColl@serNumCheck     cstackBANK0  00036
MFRC522_AntiColl@unLen           cstackBANK0  00037
MFRC522_Clear_Bit@addr           cstackCOMMON 00079
MFRC522_Clear_Bit@mask           cstackCOMMON 00076
MFRC522_Rd@addr                  cstackCOMMON 00072
MFRC522_Rd@val                   cstackCOMMON 00073
MFRC522_ReadCardSerial@_status   cstackBANK0  0003C
MFRC522_ReadCardSerial@str       cstackBANK0  0003D
MFRC522_Request@TagType          cstackBANK0  00036
MFRC522_Request@_status          cstackBANK0  00038
MFRC522_Request@backBits         cstackBANK0  00039
MFRC522_Request@reqMode          cstackBANK0  00037
MFRC522_Set_Bit@addr             cstackCOMMON 00078
MFRC522_Set_Bit@mask             cstackCOMMON 00076
MFRC522_ToCard@_status           cstackBANK0  0002F
MFRC522_ToCard@backData          cstackBANK0  00023
MFRC522_ToCard@backLen           cstackBANK0  00025
MFRC522_ToCard@command           cstackBANK0  00032
MFRC522_ToCard@i                 cstackBANK0  00033
MFRC522_ToCard@irqEn             cstackBANK0  00031
MFRC522_ToCard@lastBits          cstackBANK0  00030
MFRC522_ToCard@n                 cstackBANK0  00035
MFRC522_ToCard@sendData          cstackBANK0  00020
MFRC522_ToCard@sendLen           cstackBANK0  00022
MFRC522_ToCard@waitIRq           cstackBANK0  0002E
MFRC522_Wr@addr                  cstackCOMMON 00075
MFRC522_Wr@value                 cstackCOMMON 00074
MFRC522_isCard@TagType           cstackCOMMON 0007D
Oled_ConstText@buffer            cstackBANK0  00029
Oled_ConstText@pag               cstackBANK0  0002C
Oled_ConstText@seg               cstackBANK0  0002B
Oled_ConstText@x_seg             cstackBANK0  0002F
Oled_FillScreen@i                cstackCOMMON 0007B
Oled_FillScreen@j                cstackCOMMON 0007A
Oled_FillScreen@pattern          cstackCOMMON 00079
Oled_SetFont@_font               cstackBANK0  00020
Oled_SetFont@_height             cstackBANK0  00023
Oled_SetFont@_max                cstackBANK0  00025
Oled_SetFont@_min                cstackBANK0  00024
Oled_SetFont@_width              cstackBANK0  00022
Oled_SetPointer@hig_column       cstackCOMMON 00077
Oled_SetPointer@low_column       cstackCOMMON 00075
Oled_SetPointer@pag              cstackCOMMON 00072
Oled_SetPointer@seg              cstackCOMMON 00076
Oled_WriteChar@c                 cstackBANK0  00020
Oled_WriteChar@i                 cstackBANK0  00025
Oled_WriteChar@j                 cstackBANK0  00027
Oled_WriteChar@pag               cstackCOMMON 00079
Oled_WriteChar@seg               cstackCOMMON 00078
Oled_WriteChar@x_seg             cstackBANK0  00024
Oled_WriteChar@y_pag             cstackBANK0  00023
Oled_WriteCmd@cmd                cstackCOMMON 00071
Oled_WriteRam@dat                cstackCOMMON 00071
PIN_Init@state                   cstackCOMMON 00070
RFID_Ok@F5666                    bssBANK2     00120
RFID_Ok@badgeSerialNumber        cstackBANK0  00040
RFID_Ok@buffer                   cstackBANK0  0004D
RFID_Ok@i                        cstackBANK0  0004B
RaiseAlarm@i                     cstackBANK0  00052
ReadLastSMS@phoneNbr             cstackBANK0  0003B
ReadPhoneNumber@phoneNumber      cstackBANK1  000E6
ReadPhoneNumber@result0          cstackBANK1  000A0
ReadPhoneNumber@result1          cstackBANK1  000B4
SPI_Write@data                   cstackCOMMON 00070
SavePhoneNumber@myPhone          cstackCOMMON 00078
SavePhoneNumber@str1             cstackBANK1  000A0
SavePhoneNumber@str2             cstackBANK0  00020
SendUartCmd@cmd                  cstackCOMMON 00076
SetAlarmOn@i                     cstackBANK0  00052
SettingMenu@phoneNumber          cstackBANK0  00055
ShowBattIcon@level               cstackBANK0  00030
ShowBattLoad@level               cstackBANK0  00030
ShowIcon@id                      cstackBANK0  00030
ShowIcon@page                    cstackBANK0  00033
ShowIcon@seg                     cstackBANK0  00032
ShowMessage@message              cstackBANK0  00030
ShowMessage@page                 cstackBANK0  00032
ShowNumber@number                cstackBANK0  00030
ShowNumber@page                  cstackBANK0  00033
ShowNumber@seg                   cstackBANK0  00032
ShowReceptionIcon@level          cstackBANK0  00030
SimCard_Init@result              cstackBANK0  00020
UART_Read_Text@Output            cstackCOMMON 00070
UART_Read_Text@i                 cstackCOMMON 00077
UART_Read_Text@length            cstackCOMMON 00072
UART_Write@data                  cstackCOMMON 00070
UART_Write_Text@i                cstackCOMMON 00074
UART_Write_Text@text             cstackCOMMON 00071
_ACC_ReadReg                     text80       01F6A
_ACC_WriteReg                    text79       01EA8
_ADLX_Init                       text78       013CC
_ANSELA                          (abs)        0018C
_ANSELB                          (abs)        0018D
_ANSELC                          (abs)        0018E
_Activate_Scroll                 text52       01CC5
_BAUD1CON                        (abs)        0019F
_Battery6x8                      stringtext   00D18
_Battery8x21                     stringtext   00C9A
_Bip                             text43       012A6
_CKP                             (abs)        010AC
_CheckBattery                    text54       002D7
_CheckNetwork                    text9        001FE
_CheckSW1                        text44       015E8
_CheckSW2                        text19       014FB
_Deactivate_Scroll               text51       01CC9
_FlightMode8x12                  stringtext   00D5A
_GIE                             (abs)        0005F
_GsmOff                          text14       01E6F
_GsmOn                           text8        01DA1
_GsmWakeUp                       text53       01CE2
_INTER_Init                      text18       01D70
_IOCCN1                          (abs)        01CC1
_IOCIE                           (abs)        0005B
_Icon16x16                       stringtext   00BBA
_LATA                            (abs)        0010C
_LATB                            (abs)        0010D
_LATC                            (abs)        0010E
_Left_HorizontalScroll           text50       01F47
_MFRC522_AntiColl                text37       0142B
_MFRC522_Clear_Bit               text40       01D61
_MFRC522_Rd                      text42       01DC4
_MFRC522_ReadCardSerial          text36       01DF0
_MFRC522_Request                 text35       01270
_MFRC522_Set_Bit                 text39       01D38
_MFRC522_ToCard                  text38       004B2
_MFRC522_Wr                      text41       01D53
_MFRC522_isCard                  text34       01D90
_Numeric12x16                    stringtext   00AB2
_OPTION_REGbits                  (abs)        00095
_OSCCON                          (abs)        00099
_OSCSTAT                         (abs)        0009A
_OSCTUNE                         (abs)        00098
_OSC_Init                        text17       00004
_Oled_ConstText                  text69       01FD9
_Oled_FillScreen                 text25       01000
_Oled_Init                       text15       016DE
_Oled_Reset                      text16       01E8B
_Oled_SetFont                    text67       0104B
_Oled_SetPointer                 text73       010EC
_Oled_WriteChar                  text70       00F5C
_Oled_WriteChar$1368             cstackBANK0  00021
_Oled_WriteCmd                   text74       01D01
_Oled_WriteRam                   text72       01D0B
_OnOff                           text12       010C3
_PIN_Init                        text11       00F14
_PIR1bits                        (abs)        00011
_PORTAbits                       (abs)        0000C
_PORTBbits                       (abs)        0000D
_PORTCbits                       (abs)        0000E
_PPSLOCK                         (abs)        00E0F
_PPSLOCKbits                     (abs)        00E0F
_PS0                             (abs)        004A8
_PS1                             (abs)        004A9
_PS2                             (abs)        004AA
_PSA                             (abs)        004AB
_RB5PPSbits                      (abs)        00E9D
_RC1REG                          (abs)        00199
_RC1STA                          (abs)        0019D
_RC1STAbits                      (abs)        0019D
_RC3PPSbits                      (abs)        00EA3
_RC6PPSbits                      (abs)        00EA6
_RCIF                            (abs)        0008D
_RFID_Ok                         text29       01766
_RXPPSbits                       (abs)        00E24
_RaiseAlarm                      text6        01570
_ReadLastSMS                     text26       00095
_ReadPhoneNumber                 text5        0000C
_Reception8x8                    stringtext   00D7A
_Reset                           text23       01EE4
_ResetScreenTimer                text48       01CD5
_SP1BRGH                         (abs)        0019C
_SP1BRGL                         (abs)        0019B
_SPI_Init                        text4        01CE9
_SPI_Write                       text81       01CF8
_SSP1ADD                         (abs)        00212
_SSP1CON1                        (abs)        00215
_SSP1CON1bits                    (abs)        00215
_SSP1STAT                        (abs)        00214
_SSP1STATbits                    (abs)        00214
_SSPBUF                          (abs)        00211
_SSPCLKPPSbits                   (abs)        00E20
_SSPDATPPSbits                   (abs)        00E21
_SWDTEN                          (abs)        004B8
_SavePhoneNumber                 text21       0123C
_ScreenOff                       text13       01CD1
_ScreenOn                        text49       01CCD
_SendSms                         text7        01D2C
_SendUartCmd                     text75       01CDB
_SetAlarmOff                     text47       01D7F
_SetAlarmOn                      text3        01663
_SettingMenu                     text20       0013F
_ShowBattIcon                    text66       011D5
_ShowBattLoad                    text64       011A4
_ShowFlightIcon                  text24       01F03
_ShowIcon                        text46       01073
_ShowMessage                     text63       01F8E
_ShowNumber                      text28       0109B
_ShowReceptionIcon               text10       01F25
_SimCard_Init                    text2        01DB2
_TMR0                            (abs)        00015
_TMR0CS                          (abs)        004AD
_TMR0IE                          (abs)        0005D
_TMR0IF                          (abs)        0005A
_TMR0SE                          (abs)        004AC
_TRISA                           (abs)        0008C
_TRISB                           (abs)        0008D
_TRISC                           (abs)        0008E
_TX1REG                          (abs)        0019A
_TX1STA                          (abs)        0019E
_TagType                         bssBANK1     000EC
_Terminal12x16                   stringtext   00812
_UART_Init                       text1        01D15
_UART_Read                       text62       01D20
_UART_Read_Text                  text61       012E4
_UART_Write                      text77       01CF0
_UART_Write_Text                 text76       01E20
_UID                             bssBANK2     0013F
_WDTCON                          (abs)        00097
_WPUA                            (abs)        0020C
_WPUB                            (abs)        0020D
_WPUC                            (abs)        0020E
__CFG_BOREN$ON                   (abs)        00000
__CFG_BORV$LO                    (abs)        00000
__CFG_CLKOUTEN$OFF               (abs)        00000
__CFG_CP$OFF                     (abs)        00000
__CFG_FCMEN$ON                   (abs)        00000
__CFG_FOSC$INTOSC                (abs)        00000
__CFG_IESO$ON                    (abs)        00000
__CFG_LPBOR$OFF                  (abs)        00000
__CFG_LVP$ON                     (abs)        00000
__CFG_MCLRE$OFF                  (abs)        00000
__CFG_PLLEN$OFF                  (abs)        00000
__CFG_PPS1WAY$ON                 (abs)        00000
__CFG_PWRTE$ON                   (abs)        00000
__CFG_STVREN$OFF                 (abs)        00000
__CFG_WDTE$SWDTEN                (abs)        00000
__CFG_WRT$OFF                    (abs)        00000
__CFG_ZCDDIS$ON                  (abs)        00000
__Habs1                          abs1         00000
__Hbank0                         bank0        00000
__Hbank1                         bank1        00000
__Hbank10                        bank10       00000
__Hbank11                        bank11       00000
__Hbank12                        bank12       00000
__Hbank13                        bank13       00000
__Hbank14                        bank14       00000
__Hbank15                        bank15       00000
__Hbank16                        bank16       00000
__Hbank17                        bank17       00000
__Hbank18                        bank18       00000
__Hbank19                        bank19       00000
__Hbank2                         bank2        00000
__Hbank20                        bank20       00000
__Hbank21                        bank21       00000
__Hbank22                        bank22       00000
__Hbank23                        bank23       00000
__Hbank24                        bank24       00000
__Hbank25                        bank25       00000
__Hbank26                        bank26       00000
__Hbank27                        bank27       00000
__Hbank28                        bank28       00000
__Hbank29                        bank29       00000
__Hbank3                         bank3        00000
__Hbank30                        bank30       00000
__Hbank31                        bank31       00000
__Hbank4                         bank4        00000
__Hbank5                         bank5        00000
__Hbank6                         bank6        00000
__Hbank7                         bank7        00000
__Hbank8                         bank8        00000
__Hbank9                         bank9        00000
__Hbigram                        bigram       00000
__HbssBANK0                      bssBANK0     00000
__HbssBANK1                      bssBANK1     00000
__HbssBANK2                      bssBANK2     00000
__HbssBANK3                      bssBANK3     00000
__Hcinit                         cinit        00800
__Hclrtext                       clrtext      00000
__Hcode                          code         00000
__Hcommon                        common       00000
__Hconfig                        config       08009
__HcstackBANK0                   cstackBANK0  00000
__HcstackBANK1                   cstackBANK1  00000
__HcstackBANK2                   cstackBANK2  00000
__HcstackCOMMON                  cstackCOMMON 00000
__HdataBANK1                     dataBANK1    00000
__Heeprom_data                   eeprom_data  00000
__Hend_init                      end_init     00004
__Hfunctab                       functab      00000
__HidataBANK1                    idataBANK1   00000
__Hidloc                         idloc        00000
__Hinit                          init         00002
__Hintentry                      intentry     00002
__Hmaintext                      maintext     00000
__Hpowerup                       powerup      00000
__Hram                           ram          00000
__Hreset_vec                     reset_vec    00002
__Hsfr0                          sfr0         00000
__Hsfr1                          sfr1         00000
__Hsfr10                         sfr10        00000
__Hsfr11                         sfr11        00000
__Hsfr12                         sfr12        00000
__Hsfr13                         sfr13        00000
__Hsfr14                         sfr14        00000
__Hsfr15                         sfr15        00000
__Hsfr16                         sfr16        00000
__Hsfr17                         sfr17        00000
__Hsfr18                         sfr18        00000
__Hsfr19                         sfr19        00000
__Hsfr2                          sfr2         00000
__Hsfr20                         sfr20        00000
__Hsfr21                         sfr21        00000
__Hsfr22                         sfr22        00000
__Hsfr23                         sfr23        00000
__Hsfr24                         sfr24        00000
__Hsfr25                         sfr25        00000
__Hsfr26                         sfr26        00000
__Hsfr27                         sfr27        00000
__Hsfr28                         sfr28        00000
__Hsfr29                         sfr29        00000
__Hsfr3                          sfr3         00000
__Hsfr30                         sfr30        00000
__Hsfr31                         sfr31        00000
__Hsfr4                          sfr4         00000
__Hsfr5                          sfr5         00000
__Hsfr6                          sfr6         00000
__Hsfr7                          sfr7         00000
__Hsfr8                          sfr8         00000
__Hsfr9                          sfr9         00000
__Hspace_0                       (abs)        08009
__Hspace_1                       (abs)        001E3
__Hspace_2                       (abs)        00000
__Hspace_3                       (abs)        00000
__Hstack                         stack        00000
__Hstrings                       strings      00000
__Hstringtext                    stringtext   00000
__Htext                          text         00000
__Labs1                          abs1         00000
__Lbank0                         bank0        00000
__Lbank1                         bank1        00000
__Lbank10                        bank10       00000
__Lbank11                        bank11       00000
__Lbank12                        bank12       00000
__Lbank13                        bank13       00000
__Lbank14                        bank14       00000
__Lbank15                        bank15       00000
__Lbank16                        bank16       00000
__Lbank17                        bank17       00000
__Lbank18                        bank18       00000
__Lbank19                        bank19       00000
__Lbank2                         bank2        00000
__Lbank20                        bank20       00000
__Lbank21                        bank21       00000
__Lbank22                        bank22       00000
__Lbank23                        bank23       00000
__Lbank24                        bank24       00000
__Lbank25                        bank25       00000
__Lbank26                        bank26       00000
__Lbank27                        bank27       00000
__Lbank28                        bank28       00000
__Lbank29                        bank29       00000
__Lbank3                         bank3        00000
__Lbank30                        bank30       00000
__Lbank31                        bank31       00000
__Lbank4                         bank4        00000
__Lbank5                         bank5        00000
__Lbank6                         bank6        00000
__Lbank7                         bank7        00000
__Lbank8                         bank8        00000
__Lbank9                         bank9        00000
__Lbigram                        bigram       00000
__LbssBANK0                      bssBANK0     00000
__LbssBANK1                      bssBANK1     00000
__LbssBANK2                      bssBANK2     00000
__LbssBANK3                      bssBANK3     00000
__Lcinit                         cinit        007D7
__Lclrtext                       clrtext      00000
__Lcode                          code         00000
__Lcommon                        common       00000
__Lconfig                        config       08007
__LcstackBANK0                   cstackBANK0  00000
__LcstackBANK1                   cstackBANK1  00000
__LcstackBANK2                   cstackBANK2  00000
__LcstackCOMMON                  cstackCOMMON 00000
__LdataBANK1                     dataBANK1    00000
__Leeprom_data                   eeprom_data  00000
__Lend_init                      end_init     00002
__Lfunctab                       functab      00000
__LidataBANK1                    idataBANK1   00000
__Lidloc                         idloc        00000
__Linit                          init         00002
__Lintentry                      intentry     00002
__Lmaintext                      maintext     00000
__Lpowerup                       powerup      00000
__Lram                           ram          00000
__Lreset_vec                     reset_vec    00000
__Lsfr0                          sfr0         00000
__Lsfr1                          sfr1         00000
__Lsfr10                         sfr10        00000
__Lsfr11                         sfr11        00000
__Lsfr12                         sfr12        00000
__Lsfr13                         sfr13        00000
__Lsfr14                         sfr14        00000
__Lsfr15                         sfr15        00000
__Lsfr16                         sfr16        00000
__Lsfr17                         sfr17        00000
__Lsfr18                         sfr18        00000
__Lsfr19                         sfr19        00000
__Lsfr2                          sfr2         00000
__Lsfr20                         sfr20        00000
__Lsfr21                         sfr21        00000
__Lsfr22                         sfr22        00000
__Lsfr23                         sfr23        00000
__Lsfr24                         sfr24        00000
__Lsfr25                         sfr25        00000
__Lsfr26                         sfr26        00000
__Lsfr27                         sfr27        00000
__Lsfr28                         sfr28        00000
__Lsfr29                         sfr29        00000
__Lsfr3                          sfr3         00000
__Lsfr30                         sfr30        00000
__Lsfr31                         sfr31        00000
__Lsfr4                          sfr4         00000
__Lsfr5                          sfr5         00000
__Lsfr6                          sfr6         00000
__Lsfr7                          sfr7         00000
__Lsfr8                          sfr8         00000
__Lsfr9                          sfr9         00000
__Lspace_0                       (abs)        00000
__Lspace_1                       (abs)        00000
__Lspace_2                       (abs)        00000
__Lspace_3                       (abs)        00000
__Lstack                         stack        00000
__Lstrings                       strings      00000
__Lstringtext                    stringtext   00000
__Ltext                          text         00000
__S0                             (abs)        08009
__S1                             (abs)        001E3
__S2                             (abs)        00000
___awdiv                         text68       01329
___awdiv@counter                 cstackCOMMON 00075
___awdiv@dividend                cstackCOMMON 00072
___awdiv@divisor                 cstackCOMMON 00070
___awdiv@quotient                cstackCOMMON 00077
___awdiv@sign                    cstackCOMMON 00076
___delay_sec                     text45       01DD9
___delay_sec@n                   cstackCOMMON 00070
___int_sp                        stack        00000
___latbits                       (abs)        00002
___lwdiv                         text33       01208
___lwdiv@counter                 cstackCOMMON 00075
___lwdiv@dividend                cstackCOMMON 00072
___lwdiv@divisor                 cstackCOMMON 00070
___lwdiv@quotient                cstackCOMMON 00076
___lwmod                         text32       01118
___lwmod@counter                 cstackCOMMON 0007D
___lwmod@dividend                cstackCOMMON 0007A
___lwmod@divisor                 cstackCOMMON 00078
___sp                            stack        00000
___wmul                          text71       01E54
___wmul@multiplicand             cstackCOMMON 00072
___wmul@multiplier               cstackCOMMON 00070
___wmul@product                  cstackCOMMON 00074
__end_of_ACC_ReadReg             text80       01F8E
__end_of_ACC_WriteReg            text79       01EC6
__end_of_ADLX_Init               text78       0142B
__end_of_Activate_Scroll         text52       01CC9
__end_of_Battery6x8              stringtext   00D5A
__end_of_Battery8x21             stringtext   00D18
__end_of_Bip                     text43       012E4
__end_of_CheckBattery            text54       003B1
__end_of_CheckNetwork            text9        002D7
__end_of_CheckSW1                text44       01663
__end_of_CheckSW2                text19       01570
__end_of_Deactivate_Scroll       text51       01CCD
__end_of_FlightMode8x12          stringtext   00D7A
__end_of_GsmOff                  text14       01E8B
__end_of_GsmOn                   text8        01DB2
__end_of_GsmWakeUp               text53       01CE9
__end_of_INTER_Init              text18       01D7F
__end_of_Icon16x16               stringtext   00C9A
__end_of_Left_HorizontalScroll   text50       01F6A
__end_of_MFRC522_AntiColl        text37       0148F
__end_of_MFRC522_Clear_Bit       text40       01D70
__end_of_MFRC522_Rd              text42       01DD9
__end_of_MFRC522_ReadCardSerial  text36       01E07
__end_of_MFRC522_Request         text35       012A6
__end_of_MFRC522_Set_Bit         text39       01D45
__end_of_MFRC522_ToCard          text38       005E8
__end_of_MFRC522_Wr              text41       01D61
__end_of_MFRC522_isCard          text34       01DA1
__end_of_Numeric12x16            stringtext   00BBA
__end_of_OSC_Init                text17       0000C
__end_of_Oled_ConstText          text69       02000
__end_of_Oled_FillScreen         text25       01024
__end_of_Oled_Init               text15       01766
__end_of_Oled_Reset              text16       01EA8
__end_of_Oled_SetFont            text67       01073
__end_of_Oled_SetPointer         text73       01118
__end_of_Oled_WriteChar          text70       01000
__end_of_Oled_WriteCmd           text74       01D0B
__end_of_Oled_WriteRam           text72       01D15
__end_of_OnOff                   text12       010EC
__end_of_PIN_Init                text11       00F5C
__end_of_RFID_Ok                 text29       01800
__end_of_RaiseAlarm              text6        015E8
__end_of_ReadLastSMS             text26       0013F
__end_of_ReadPhoneNumber         text5        00095
__end_of_Reception8x8            stringtext   00D8A
__end_of_Reset                   text23       01F03
__end_of_ResetScreenTimer        text48       01CDB
__end_of_SPI_Init                text4        01CF0
__end_of_SPI_Write               text81       01D01
__end_of_SavePhoneNumber         text21       01270
__end_of_ScreenOff               text13       01CD5
__end_of_ScreenOn                text49       01CD1
__end_of_SendSms                 text7        01D38
__end_of_SendUartCmd             text75       01CE2
__end_of_SetAlarmOff             text47       01D90
__end_of_SetAlarmOn              text3        016DE
__end_of_SettingMenu             text20       001FE
__end_of_ShowBattIcon            text66       01208
__end_of_ShowBattLoad            text64       011D5
__end_of_ShowFlightIcon          text24       01F25
__end_of_ShowIcon                text46       0109B
__end_of_ShowMessage             text63       01FB3
__end_of_ShowNumber              text28       010C3
__end_of_ShowReceptionIcon       text10       01F47
__end_of_SimCard_Init            text2        01DC4
__end_of_Terminal12x16           stringtext   00AB2
__end_of_UART_Init               text1        01D20
__end_of_UART_Read               text62       01D2C
__end_of_UART_Read_Text          text61       01329
__end_of_UART_Write              text77       01CF8
__end_of_UART_Write_Text         text76       01E3A
__end_of___awdiv                 text68       0137A
__end_of___delay_sec             text45       01DF0
__end_of___lwdiv                 text33       0123C
__end_of___lwmod                 text32       01144
__end_of___wmul                  text71       01E6F
__end_of__initialization         cinit        007FD
__end_of_atoi                    text59       014FB
__end_of_dpowers                 stringtext   0080A
__end_of_hexpowers               stringtext   00812
__end_of_isdigit                 text60       01D53
__end_of_main                    maintext     004B2
__end_of_sprintf                 text31       007D7
__end_of_strcat                  text65       01FD9
__end_of_strchr                  text58       01E20
__end_of_strcmp                  text30       0104B
__end_of_strcpy                  text22       01E54
__end_of_strcspn                 text57       01174
__end_of_strlen                  text27       01EE4
__end_of_strspn                  text56       011A4
__end_of_strtok                  text55       013CC
__initialization                 cinit        007D7
__pbssBANK0                      bssBANK0     0005E
__pbssBANK1                      bssBANK1     000E8
__pbssBANK2                      bssBANK2     00120
__pbssBANK3                      bssBANK3     001A0
__pcstackBANK0                   cstackBANK0  00020
__pcstackBANK1                   cstackBANK1  000A0
__pcstackBANK2                   cstackBANK2  00145
__pcstackCOMMON                  cstackCOMMON 00070
__pdataBANK1                     dataBANK1    000EE
__pidataBANK1                    idataBANK1   01CC3
__pmaintext                      maintext     003B1
__pstringtext                    stringtext   00800
__ptext1                         text1        01D15
__ptext10                        text10       01F25
__ptext11                        text11       00F14
__ptext12                        text12       010C3
__ptext13                        text13       01CD1
__ptext14                        text14       01E6F
__ptext15                        text15       016DE
__ptext16                        text16       01E8B
__ptext17                        text17       00004
__ptext18                        text18       01D70
__ptext19                        text19       014FB
__ptext2                         text2        01DB2
__ptext20                        text20       0013F
__ptext21                        text21       0123C
__ptext22                        text22       01E3A
__ptext23                        text23       01EE4
__ptext24                        text24       01F03
__ptext25                        text25       01000
__ptext26                        text26       00095
__ptext27                        text27       01EC6
__ptext28                        text28       0109B
__ptext29                        text29       01766
__ptext3                         text3        01663
__ptext30                        text30       01024
__ptext31                        text31       005E8
__ptext32                        text32       01118
__ptext33                        text33       01208
__ptext34                        text34       01D90
__ptext35                        text35       01270
__ptext36                        text36       01DF0
__ptext37                        text37       0142B
__ptext38                        text38       004B2
__ptext39                        text39       01D38
__ptext4                         text4        01CE9
__ptext40                        text40       01D61
__ptext41                        text41       01D53
__ptext42                        text42       01DC4
__ptext43                        text43       012A6
__ptext44                        text44       015E8
__ptext45                        text45       01DD9
__ptext46                        text46       01073
__ptext47                        text47       01D7F
__ptext48                        text48       01CD5
__ptext49                        text49       01CCD
__ptext5                         text5        0000C
__ptext50                        text50       01F47
__ptext51                        text51       01CC9
__ptext52                        text52       01CC5
__ptext53                        text53       01CE2
__ptext54                        text54       002D7
__ptext55                        text55       0137A
__ptext56                        text56       01174
__ptext57                        text57       01144
__ptext58                        text58       01E07
__ptext59                        text59       0148F
__ptext6                         text6        01570
__ptext60                        text60       01D45
__ptext61                        text61       012E4
__ptext62                        text62       01D20
__ptext63                        text63       01F8E
__ptext64                        text64       011A4
__ptext65                        text65       01FB3
__ptext66                        text66       011D5
__ptext67                        text67       0104B
__ptext68                        text68       01329
__ptext69                        text69       01FD9
__ptext7                         text7        01D2C
__ptext70                        text70       00F5C
__ptext71                        text71       01E54
__ptext72                        text72       01D0B
__ptext73                        text73       010EC
__ptext74                        text74       01D01
__ptext75                        text75       01CDB
__ptext76                        text76       01E20
__ptext77                        text77       01CF0
__ptext78                        text78       013CC
__ptext79                        text79       01EA8
__ptext8                         text8        01DA1
__ptext80                        text80       01F6A
__ptext81                        text81       01CF8
__ptext9                         text9        001FE
__size_of_ACC_ReadReg            (abs)        00000
__size_of_ACC_WriteReg           (abs)        00000
__size_of_ADLX_Init              (abs)        00000
__size_of_Activate_Scroll        (abs)        00000
__size_of_Bip                    (abs)        00000
__size_of_CheckBattery           (abs)        00000
__size_of_CheckNetwork           (abs)        00000
__size_of_CheckSW1               (abs)        00000
__size_of_CheckSW2               (abs)        00000
__size_of_Deactivate_Scroll      (abs)        00000
__size_of_GsmOff                 (abs)        00000
__size_of_GsmOn                  (abs)        00000
__size_of_GsmWakeUp              (abs)        00000
__size_of_INTER_Init             (abs)        00000
__size_of_Left_HorizontalScroll  (abs)        00000
__size_of_MFRC522_AntiColl       (abs)        00000
__size_of_MFRC522_Clear_Bit      (abs)        00000
__size_of_MFRC522_Rd             (abs)        00000
__size_of_MFRC522_ReadCardSerial (abs)        00000
__size_of_MFRC522_Request        (abs)        00000
__size_of_MFRC522_Set_Bit        (abs)        00000
__size_of_MFRC522_ToCard         (abs)        00000
__size_of_MFRC522_Wr             (abs)        00000
__size_of_MFRC522_isCard         (abs)        00000
__size_of_OSC_Init               (abs)        00000
__size_of_Oled_ConstText         (abs)        00000
__size_of_Oled_FillScreen        (abs)        00000
__size_of_Oled_Init              (abs)        00000
__size_of_Oled_Reset             (abs)        00000
__size_of_Oled_SetFont           (abs)        00000
__size_of_Oled_SetPointer        (abs)        00000
__size_of_Oled_WriteChar         (abs)        00000
__size_of_Oled_WriteCmd          (abs)        00000
__size_of_Oled_WriteRam          (abs)        00000
__size_of_OnOff                  (abs)        00000
__size_of_PIN_Init               (abs)        00000
__size_of_RFID_Ok                (abs)        00000
__size_of_RaiseAlarm             (abs)        00000
__size_of_ReadLastSMS            (abs)        00000
__size_of_ReadPhoneNumber        (abs)        00000
__size_of_Reset                  (abs)        00000
__size_of_ResetScreenTimer       (abs)        00000
__size_of_SPI_Init               (abs)        00000
__size_of_SPI_Write              (abs)        00000
__size_of_SavePhoneNumber        (abs)        00000
__size_of_ScreenOff              (abs)        00000
__size_of_ScreenOn               (abs)        00000
__size_of_SendSms                (abs)        00000
__size_of_SendUartCmd            (abs)        00000
__size_of_SetAlarmOff            (abs)        00000
__size_of_SetAlarmOn             (abs)        00000
__size_of_SettingMenu            (abs)        00000
__size_of_ShowBattIcon           (abs)        00000
__size_of_ShowBattLoad           (abs)        00000
__size_of_ShowFlightIcon         (abs)        00000
__size_of_ShowIcon               (abs)        00000
__size_of_ShowMessage            (abs)        00000
__size_of_ShowNumber             (abs)        00000
__size_of_ShowReceptionIcon      (abs)        00000
__size_of_SimCard_Init           (abs)        00000
__size_of_UART_Init              (abs)        00000
__size_of_UART_Read              (abs)        00000
__size_of_UART_Read_Text         (abs)        00000
__size_of_UART_Write             (abs)        00000
__size_of_UART_Write_Text        (abs)        00000
__size_of___awdiv                (abs)        00000
__size_of___delay_sec            (abs)        00000
__size_of___lwdiv                (abs)        00000
__size_of___lwmod                (abs)        00000
__size_of___wmul                 (abs)        00000
__size_of_atoi                   (abs)        00000
__size_of_isdigit                (abs)        00000
__size_of_main                   (abs)        00000
__size_of_sprintf                (abs)        00000
__size_of_strcat                 (abs)        00000
__size_of_strchr                 (abs)        00000
__size_of_strcmp                 (abs)        00000
__size_of_strcpy                 (abs)        00000
__size_of_strcspn                (abs)        00000
__size_of_strlen                 (abs)        00000
__size_of_strspn                 (abs)        00000
__size_of_strtok                 (abs)        00000
_alarmOn                         bssBANK0     00066
_atoi                            text59       0148F
_buffer                          bssBANK2     0012B
_dpowers                         stringtext   00800
_flightMode                      bssBANK0     00067
_font                            bssBANK0     0005E
_font2                           bssBANK1     000E8
_height                          bssBANK0     00068
_hexpowers                       stringtext   0080A
_imgCancel                       bssBANK0     00069
_imgSetup                        bssBANK0     0006A
_imgValidate                     bssBANK0     0006B
_isdigit                         text60       01D45
_isdigit$1025                    cstackCOMMON 00070
_main                            maintext     003B1
_max                             bssBANK0     0006C
_min                             bssBANK0     0006D
_result3                         bssBANK3     001A0
_screenTimer                     bssBANK0     00060
_sleepMode                       bssBANK0     0006E
_sprintf                         text31       005E8
_strcat                          text65       01FB3
_strchr                          text58       01E07
_strcmp                          text30       01024
_strcpy                          text22       01E3A
_strcspn                         text57       01144
_strlen                          text27       01EC6
_strspn                          text56       01174
_strtok                          text55       0137A
_timer                           bssBANK0     00062
_width                           bssBANK0     0006F
atoi@a                           cstackCOMMON 0007B
atoi@s                           cstackCOMMON 00076
atoi@sign                        cstackCOMMON 0007A
btemp                            (abs)        0007E
clear_ram0                       clrtext      00F0E
end_of_initialization            cinit        007FD
intlevel0                        functab      00000
intlevel1                        functab      00000
intlevel2                        functab      00000
intlevel3                        functab      00000
intlevel4                        functab      00000
intlevel5                        functab      00000
isdigit@c                        cstackCOMMON 00071
ltemp                            (abs)        0007E
ltemp0                           (abs)        0007E
ltemp1                           (abs)        00082
ltemp2                           (abs)        00086
ltemp3                           (abs)        00080
main@phoneNumber                 cstackBANK2  00145
reset_vec                        reset_vec    00000
sprintf@ap                       cstackBANK0  0002B
sprintf@c                        cstackBANK0  00032
sprintf@f                        cstackBANK0  00022
sprintf@flag                     cstackBANK0  0002F
sprintf@idx                      cstackBANK0  0002A
[...]
 Data sizes:     COMMON   BANK0   BANK1   BANK2   BANK3   BANK4   BANK5   BANK6   BANK7   BANK8   BANK9  BANK10  BANK11  BANK12
      Params:         1       0       0       0       0       0       0       0       0       0       0       0       0       0
      Locals:         3       0       0       0       0       0       0       0       0       0       0       0       0       0
      Temps:          2       0       0       0       0       0       0       0       0       0       0       0       0       0
      Totals:         6       0       0       0       0       0       0       0       0       0       0       0       0       0
Total ram usage:        6 bytes
 Hardware stack levels used:    1
 Hardware stack levels required when called:    2
 This function calls:
		_Oled_WriteCmd
 This function is called by:
		_Oled_FillScreen
		_Oled_WriteChar
 This function uses a non-reentrant model


 *************** function _Oled_WriteCmd *****************
 Defined at:
		line 26 in file "oled.h"
 Parameters:    Size  Location     Type
  cmd             1    wreg     unsigned char 
 Auto vars:     Size  Location     Type
  cmd             1    1[COMMON] unsigned char 
 Return value:  Size  Location     Type
                  1    wreg      void 
 Registers used:
		wreg, status,2, status,0, pclath, cstack
 Tracked objects:
		On entry : 
		On exit  : 
		Unchanged: 
 Data sizes:     COMMON   BANK0   BANK1   BANK2   BANK3   BANK4   BANK5   BANK6   BANK7   BANK8   BANK9  BANK10  BANK11  BANK12
      Params:         0       0       0       0       0       0       0       0       0       0       0       0       0       0
      Locals:         1       0       0       0       0       0       0       0       0       0       0       0       0       0
      Temps:          0       0       0       0       0       0       0       0       0       0       0       0       0       0
      Totals:         1       0       0       0       0       0       0       0       0       0       0       0       0       0
Total ram usage:        1 bytes
 Hardware stack levels used:    1
 Hardware stack levels required when called:    1
 This function calls:
		_SPI_Write
 This function is called by:
		_Oled_SetPointer
		_Oled_Init
		_ScreenOn
		_ScreenOff
		_Deactivate_Scroll
		_Activate_Scroll
		_Left_HorizontalScroll
 This function uses a non-reentrant model


 *************** function _SendUartCmd *****************
 Defined at:
		line 35 in file "uart.h"
 Parameters:    Size  Location     Type
  cmd             2    6[COMMON] PTR unsigned char 
		 -> STR_59(4), STR_44(12), STR_43(14), STR_42(14), 
		 -> SavePhoneNumber@str1(50), STR_31(24), STR_22(8), STR_13(8), 
		 -> STR_11(11), STR_10(2), STR_9(12), STR_8(11), 
		 -> STR_6(11), STR_2(11), 
 Auto vars:     Size  Location     Type
		None
 Return value:  Size  Location     Type
                  1    wreg      void 
 Registers used:
		wreg, fsr0l, fsr0h, status,2, status,0, pclath, cstack
 Tracked objects:
		On entry : 
		On exit  : 
		Unchanged: 
 Data sizes:     COMMON   BANK0   BANK1   BANK2   BANK3   BANK4   BANK5   BANK6   BANK7   BANK8   BANK9  BANK10  BANK11  BANK12
      Params:         2       0       0       0       0       0       0       0       0       0       0       0       0       0
      Locals:         0       0       0       0       0       0       0       0       0       0       0       0       0       0
      Temps:          0       0       0       0       0       0       0       0       0       0       0       0       0       0
      Totals:         2       0       0       0       0       0       0       0       0       0       0       0       0       0
Total ram usage:        2 bytes
 Hardware stack levels used:    1
 Hardware stack levels required when called:    2
 This function calls:
		_UART_Write_Text
 This function is called by:
		_SimCard_Init
		_GsmOff
		_GsmWakeUp
		_GsmOn
		_CheckBattery
		_CheckNetwork
		_ReadLastSMS
		_SavePhoneNumber
		_ReadPhoneNumber
		_main
		_CheckSimCard
 This function uses a non-reentrant model


 *************** function _UART_Write_Text *****************
 Defined at:
		line 29 in file "uart.h"
 Parameters:    Size  Location     Type
  text            2    1[COMMON] PTR unsigned char 
		 -> STR_59(4), STR_44(12), STR_43(14), STR_42(14), 
		 -> SavePhoneNumber@str1(50), STR_31(24), STR_22(8), STR_13(8), 
		 -> STR_11(11), STR_10(2), STR_9(12), STR_8(11), 
		 -> STR_6(11), STR_2(11), 
 Auto vars:     Size  Location     Type
  i               2    4[COMMON] int 
 Return value:  Size  Location     Type
                  1    wreg      void 
 Registers used:
		wreg, fsr0l, fsr0h, status,2, status,0, pclath, cstack
 Tracked objects:
		On entry : 
		On exit  : 
		Unchanged: 
 Data sizes:     COMMON   BANK0   BANK1   BANK2   BANK3   BANK4   BANK5   BANK6   BANK7   BANK8   BANK9  BANK10  BANK11  BANK12
      Params:         2       0       0       0       0       0       0       0       0       0       0       0       0       0
      Locals:         2       0       0       0       0       0       0       0       0       0       0       0       0       0
      Temps:          1       0       0       0       0       0       0       0       0       0       0       0       0       0
      Totals:         5       0       0       0       0       0       0       0       0       0       0       0       0       0
Total ram usage:        5 bytes
 Hardware stack levels used:    1
 Hardware stack levels required when called:    1
 This function calls:
		_UART_Write
 This function is called by:
		_SendUartCmd
 This function uses a non-reentrant model


 *************** function _UART_Write *****************
 Defined at:
		line 23 in file "uart.h"
 Parameters:    Size  Location     Type
  data            1    wreg     unsigned char 
 Auto vars:     Size  Location     Type
  data            1    0[COMMON] unsigned char 
 Return value:  Size  Location     Type
                  1    wreg      void 
 Registers used:
		wreg
 Tracked objects:
		On entry : 
		On exit  : 
		Unchanged: 
 Data sizes:     COMMON   BANK0   BANK1   BANK2   BANK3   BANK4   BANK5   BANK6   BANK7   BANK8   BANK9  BANK10  BANK11  BANK12
      Params:         0       0       0       0       0       0       0       0       0       0       0       0       0       0
      Locals:         1       0       0       0       0       0       0       0       0       0       0       0       0       0
      Temps:          0       0       0       0       0       0       0       0       0       0       0       0       0       0
      Totals:         1       0       0       0       0       0       0       0       0       0       0       0       0       0
Total ram usage:        1 bytes
 Hardware stack levels used:    1
 This function calls:
		Nothing
 This function is called by:
		_UART_Write_Text
 This function uses a non-reentrant model


 *************** function _ADLX_Init *****************
 Defined at:
		line 40 in file "adxl.h"
 Parameters:    Size  Location     Type
		None
 Auto vars:     Size  Location     Type
  reg             1    7[COMMON] unsigned char 
 Return value:  Size  Location     Type
                  1    wreg      void 
 Registers used:
		wreg, status,2, status,0, pclath, cstack
 Tracked objects:
		On entry : 
		On exit  : 
		Unchanged: 
 Data sizes:     COMMON   BANK0   BANK1   BANK2   BANK3   BANK4   BANK5   BANK6   BANK7   BANK8   BANK9  BANK10  BANK11  BANK12
      Params:         0       0       0       0       0       0       0       0       0       0       0       0       0       0
      Locals:         1       0       0       0       0       0       0       0       0       0       0       0       0       0
      Temps:          1       0       0       0       0       0       0       0       0       0       0       0       0       0
      Totals:         2       0       0       0       0       0       0       0       0       0       0       0       0       0
Total ram usage:        2 bytes
 Hardware stack levels used:    1
 Hardware stack levels required when called:    2
 This function calls:
		_ACC_ReadReg
		_ACC_WriteReg
 This function is called by:
		_main
 This function uses a non-reentrant model


 *************** function _ACC_WriteReg *****************
 Defined at:
		line 30 in file "adxl.h"
 Parameters:    Size  Location     Type
  reg             1    wreg     unsigned char 
  cmd             1    1[COMMON] unsigned char 
 Auto vars:     Size  Location     Type
  reg             1    5[COMMON] unsigned char 
 Return value:  Size  Location     Type
                  1    wreg      void 
 Registers used:
		wreg, status,2, status,0, pclath, cstack
 Tracked objects:
		On entry : 
		On exit  : 
		Unchanged: 
 Data sizes:     COMMON   BANK0   BANK1   BANK2   BANK3   BANK4   BANK5   BANK6   BANK7   BANK8   BANK9  BANK10  BANK11  BANK12
      Params:         1       0       0       0       0       0       0       0       0       0       0       0       0       0
      Locals:         1       0       0       0       0       0       0       0       0       0       0       0       0       0
      Temps:          3       0       0       0       0       0       0       0       0       0       0       0       0       0
      Totals:         5       0       0       0       0       0       0       0       0       0       0       0       0       0
Total ram usage:        5 bytes
 Hardware stack levels used:    1
 Hardware stack levels required when called:    1
 This function calls:
		_SPI_Write
 This function is called by:
		_ADLX_Init
 This function uses a non-reentrant model


 *************** function _ACC_ReadReg *****************
 Defined at:
		line 17 in file "adxl.h"
 Parameters:    Size  Location     Type
  reg             1    wreg     unsigned char 
 Auto vars:     Size  Location     Type
  reg             1    4[COMMON] unsigned char 
  val             1    5[COMMON] unsigned char 
 Return value:  Size  Location     Type
                  1    wreg      unsigned char 
 Registers used:
		wreg, status,2, status,0, pclath, cstack
 Tracked objects:
		On entry : 
		On exit  : 
		Unchanged: 
 Data sizes:     COMMON   BANK0   BANK1   BANK2   BANK3   BANK4   BANK5   BANK6   BANK7   BANK8   BANK9  BANK10  BANK11  BANK12
      Params:         0       0       0       0       0       0       0       0       0       0       0       0       0       0
      Locals:         2       0       0       0       0       0       0       0       0       0       0       0       0       0
      Temps:          3       0       0       0       0       0       0       0       0       0       0       0       0       0
      Totals:         5       0       0       0       0       0       0       0       0       0       0       0       0       0
Total ram usage:        5 bytes
 Hardware stack levels used:    1
 Hardware stack levels required when called:    1
 This function calls:
		_SPI_Write
 This function is called by:
		_ADLX_Init
 This function uses a non-reentrant model


 *************** function _SPI_Write *****************
 Defined at:
		line 20 in file "spi.h"
 Parameters:    Size  Location     Type
  data            1    wreg     unsigned char 
 Auto vars:     Size  Location     Type
  data            1    0[COMMON] unsigned char 
 Return value:  Size  Location     Type
                  1    wreg      unsigned char 
 Registers used:
		wreg
 Tracked objects:
		On entry : 
		On exit  : 
		Unchanged: 
 Data sizes:     COMMON   BANK0   BANK1   BANK2   BANK3   BANK4   BANK5   BANK6   BANK7   BANK8   BANK9  BANK10  BANK11  BANK12
      Params:         0       0       0       0       0       0       0       0       0       0       0       0       0       0
      Locals:         1       0       0       0       0       0       0       0       0       0       0       0       0       0
      Temps:          0       0       0       0       0       0       0       0       0       0       0       0       0       0
      Totals:         1       0       0       0       0       0       0       0       0       0       0       0       0       0
Total ram usage:        1 bytes
 Hardware stack levels used:    1
 This function calls:
		Nothing
 This function is called by:
		_Oled_WriteCmd
		_Oled_WriteRam
		_ACC_ReadReg
		_ACC_WriteReg
		_MFRC522_Wr
		_MFRC522_Rd
 This function uses a non-reentrant model



MODULE INFORMATION

Module		Function		Class		Link	Load	Size
adxl.h
		_ADLX_Init     		CODE           	13CC	0000	96
		_ACC_WriteReg  		CODE           	1EA8	0000	31
		_ACC_ReadReg   		CODE           	1F6A	0000	37

adxl.h estimated size: 164

C:\Program Files (x86)\Microchip\xc8\v1.38\sources\common\lwmod.c
		___lwmod       		CODE           	1118	0000	45

C:\Program Files (x86)\Microchip\xc8\v1.38\sources\common\lwmod.c estimated size: 45

C:\Program Files (x86)\Microchip\xc8\v1.38\sources\common\Umul16.c
		___wmul        		CODE           	1E54	0000	28

C:\Program Files (x86)\Microchip\xc8\v1.38\sources\common\Umul16.c estimated size: 28

uart.h
		_UART_Read     		CODE           	1D20	0000	13
		_UART_Init     		CODE           	1D15	0000	12
		_UART_Write_Text		CODE           	1E20	0000	27
		_UART_Read_Text		CODE           	12E4	0000	70
		_UART_Write    		CODE           	1CF0	0000	9
		_SendUartCmd   		CODE           	1CDB	0000	8

uart.h estimated size: 139

C:\Program Files (x86)\Microchip\xc8\v1.38\sources\common\atoi.c
		_atoi          		CODE           	148F	0000	109

C:\Program Files (x86)\Microchip\xc8\v1.38\sources\common\atoi.c estimated size: 109

C:\Program Files (x86)\Microchip\xc8\v1.38\sources\common\strtok.c
		_strtok        		CODE           	137A	0000	83

C:\Program Files (x86)\Microchip\xc8\v1.38\sources\common\strtok.c estimated size: 83

rc522.h
		_MFRC522_Request		CODE           	1270	0000	55
		_MFRC522_ReadCardSerial		CODE           	1DF0	0000	24
		_MFRC522_Rd    		CODE           	1DC4	0000	22
		_MFRC522_Wr    		CODE           	1D53	0000	15
		_MFRC522_AntiColl		CODE           	142B	0000	101
		_RFID_Ok       		CODE           	1766	0000	155
		_MFRC522_Clear_Bit		CODE           	1D61	0000	16
		_MFRC522_ToCard		CODE           	04B2	0000	311
		_MFRC522_isCard		CODE           	1D90	0000	18
		_MFRC522_Set_Bit		CODE           	1D38	0000	14

rc522.h estimated size: 731

C:\Program Files (x86)\Microchip\xc8\v1.38\sources\common\lwdiv.c
		___lwdiv       		CODE           	1208	0000	53

C:\Program Files (x86)\Microchip\xc8\v1.38\sources\common\lwdiv.c estimated size: 53

gsm.h
		_ShowIcon      		CODE           	1073	0000	41
		_SavePhoneNumber		CODE           	123C	0000	53
		_ShowMessage   		CODE           	1F8E	0000	38
		_SendSms       		CODE           	1D2C	0000	13
		_ReadPhoneNumber		CODE           	000C	0000	138
		_GsmOff        		CODE           	1E6F	0000	29
		_SimCard_Init  		CODE           	1DB2	0000	19
		_ShowReceptionIcon		CODE           	1F25	0000	35
		_GsmWakeUp     		CODE           	1CE2	0000	8
		_ReadLastSMS   		CODE           	0095	0000	171
		_CheckNetwork  		CODE           	01FE	0000	218
		_GsmOn         		CODE           	1DA1	0000	18
		_ShowBattLoad  		CODE           	11A4	0000	50
		_ShowBattIcon  		CODE           	11D5	0000	52
		_CheckBattery  		CODE           	02D7	0000	219
		_ShowNumber    		CODE           	109B	0000	41
		_ShowFlightIcon		CODE           	1F03	0000	35

gsm.h estimated size: 1178

C:\Program Files (x86)\Microchip\xc8\v1.38\sources\common\awdiv.c
		___awdiv       		CODE           	1329	0000	82

C:\Program Files (x86)\Microchip\xc8\v1.38\sources\common\awdiv.c estimated size: 82

C:\Program Files (x86)\Microchip\xc8\v1.38\sources\common\strcat.c
		_strcat        		CODE           	1FB3	0000	39

C:\Program Files (x86)\Microchip\xc8\v1.38\sources\common\strcat.c estimated size: 39

spi.h
		_SPI_Write     		CODE           	1CF8	0000	10
		_SPI_Init      		CODE           	1CE9	0000	8

spi.h estimated size: 18

shared
		_Terminal12x16 		STRCODE        	0812	0000	673
		_dpowers       		STRCODE        	0800	0000	11
		_FlightMode8x12		STRCODE        	0D5A	0000	33
		__initialization		CODE           	07D7	0000	39
		_Reception8x8  		STRCODE        	0D7A	0000	17
		_hexpowers     		STRCODE        	080A	0000	9
		_Battery6x8    		STRCODE        	0D18	0000	67
		_Numeric12x16  		STRCODE        	0AB2	0000	265
		_Battery8x21   		STRCODE        	0C9A	0000	127
		_Icon16x16     		STRCODE        	0BBA	0000	225

shared estimated size: 1466

C:\Program Files (x86)\Microchip\xc8\v1.38\sources\common\strlen.c
		_strlen        		CODE           	1EC6	0000	31

C:\Program Files (x86)\Microchip\xc8\v1.38\sources\common\strlen.c estimated size: 31

C:\Program Files (x86)\Microchip\xc8\v1.38\sources\common\strcmp.c
		_strcmp        		CODE           	1024	0000	40

C:\Program Files (x86)\Microchip\xc8\v1.38\sources\common\strcmp.c estimated size: 40

C:\Program Files (x86)\Microchip\xc8\v1.38\sources\common\strchr.c
		_strchr        		CODE           	1E07	0000	26

C:\Program Files (x86)\Microchip\xc8\v1.38\sources\common\strchr.c estimated size: 26

C:\Program Files (x86)\Microchip\xc8\v1.38\sources\common\strcpy.c
		_strcpy        		CODE           	1E3A	0000	27

C:\Program Files (x86)\Microchip\xc8\v1.38\sources\common\strcpy.c estimated size: 27

C:\Program Files (x86)\Microchip\xc8\v1.38\sources\common\isdigit.c
		_isdigit       		CODE           	1D45	0000	15

C:\Program Files (x86)\Microchip\xc8\v1.38\sources\common\isdigit.c estimated size: 15

oled.h
		_Oled_WriteCmd 		CODE           	1D01	0000	11
		_Oled_WriteRam 		CODE           	1D0B	0000	11
		_Left_HorizontalScroll		CODE           	1F47	0000	36
		_Oled_SetPointer		CODE           	10EC	0000	45
		_Oled_WriteChar		CODE           	0F5C	0000	165
		_Deactivate_Scroll		CODE           	1CC9	0000	5
		_Oled_Reset    		CODE           	1E8B	0000	30
		_Oled_ConstText		CODE           	1FD9	0000	40
		_ScreenOn      		CODE           	1CCD	0000	5
		_ScreenOff     		CODE           	1CD1	0000	5
		_Oled_Init     		CODE           	16DE	0000	137
		_Oled_FillScreen		CODE           	1000	0000	37
		_Oled_SetFont  		CODE           	104B	0000	41
		_Activate_Scroll		CODE           	1CC5	0000	5

oled.h estimated size: 573

misc.h
		_INTER_Init    		CODE           	1D70	0000	16
		___delay_sec   		CODE           	1DD9	0000	24
		_OSC_Init      		CODE           	0004	0000	9
		_PIN_Init      		CODE           	0F14	0000	73
		_Bip           		CODE           	12A6	0000	63

misc.h estimated size: 185

C:\Program Files (x86)\Microchip\xc8\v1.38\sources\common\doprnt.c
		_sprintf       		CODE           	05E8	0000	496

C:\Program Files (x86)\Microchip\xc8\v1.38\sources\common\doprnt.c estimated size: 496

C:\Program Files (x86)\Microchip\xc8\v1.38\sources\common\strcspn.c
		_strcspn       		CODE           	1144	0000	49

C:\Program Files (x86)\Microchip\xc8\v1.38\sources\common\strcspn.c estimated size: 49

main.c
		_SetAlarmOn    		CODE           	1663	0000	124
		_SetAlarmOff   		CODE           	1D7F	0000	18
		_main          		CODE           	03B1	0000	258
		_RaiseAlarm    		CODE           	1570	0000	121
		_ResetScreenTimer		CODE           	1CD5	0000	7
		_CheckSW1      		CODE           	15E8	0000	124
		_CheckSW2      		CODE           	14FB	0000	118
		_Reset         		CODE           	1EE4	0000	32
		_SettingMenu   		CODE           	013F	0000	192
		_OnOff         		CODE           	10C3	0000	42

main.c estimated size: 1036

C:\Program Files (x86)\Microchip\xc8\v1.38\sources\common\strspn.c
		_strspn        		CODE           	1174	0000	49

C:\Program Files (x86)\Microchip\xc8\v1.38\sources\common\strspn.c estimated size: 49

